// Jest Snapshot v1, https://goo.gl/fbAQLP

exports[`App snaphot test 1`] = `<div />`;
