// Jest Snapshot v1, https://goo.gl/fbAQLP

exports[`FollowingArtists snaphot test 1`] = `
<div>
  <h3
    className="title"
  >
    That is your idol list...
  </h3>
  <div>
    Loading
  </div>
  <div
    className="row"
  />
</div>
`;
