// Jest Snapshot v1, https://goo.gl/fbAQLP

exports[`UserInfo snaphot test 1`] = `
<div
  className="user-content"
>
  <h3>
    Welcome
    Lucas Rodrigues
  </h3>
  <div>
    <h5>
      That you are listen now?
    </h5>
    <div
      className="col-10 col-sm-4 col-lg-3 custom-card"
    >
      <div
        className="row"
      >
        <div
          className="col-5"
        >
          <img
            alt="card-name"
            className="card-img-top"
            src="https://i.scdn.co/image/d517611a9aef994460eb73e5d38d59149e6f3fef"
          />
        </div>
        <div
          className="col-7"
        >
          <div>
            <span>
              Device: 
              LAPTOP-RB4MNQUG
            </span>
            <p>
              Type: 
              Computer
            </p>
            <div
              className="row"
            >
              <div
                className="col-1"
              >
                <p>
                  <svg
                    fill="currentColor"
                    height="1em"
                    stroke="currentColor"
                    strokeWidth="0"
                    style={
                      Object {
                        "color": undefined,
                      }
                    }
                    viewBox="0 0 512 512"
                    width="1em"
                  >
                    <path
                      d="M371.7 238l-176-107c-15.8-8.8-35.7 2.5-35.7 21v208c0 18.4 19.8 29.8 35.7 21l176-101c16.4-9.1 16.4-32.8 0-42zM504 256C504 119 393 8 256 8S8 119 8 256s111 248 248 248 248-111 248-248zm-448 0c0-110.5 89.5-200 200-200s200 89.5 200 200-89.5 200-200 200S56 366.5 56 256z"
                    />
                  </svg>
                </p>
              </div>
              <div
                className="col-9"
              >
                <span>
                  Dark Clouds (feat. Jess Glynne & Chronixx)
                </span>
              </div>
            </div>
            <span>
              <div>
                <div
                  className="stars-outer"
                >
                  <div
                    className="stars-inner"
                    style={
                      Object {
                        "width": "62%",
                      }
                    }
                  />
                </div>
              </div>
            </span>
          </div>
        </div>
      </div>
    </div>
  </div>
</div>
`;
