// Jest Snapshot v1, https://goo.gl/fbAQLP

exports[`SideBar event test 1`] = `
<div
  className="row sideBarContent-full"
>
  <div
    className="col-12 userName"
  >
    <button
      className="closeButton col-2 offset-9 "
      onClick={[Function]}
      type="button"
    >
      <MdClose />
    </button>
    <img
      alt=""
      className="imageProfile"
      src="https://platform-lookaside.fbsbx.com/platform/profilepic/?asid=1084373748241702&height=200&width=200&ext=1551600776&hash=AeTTgzEoEZf2Z_uj"
    />
    <p>
      Lucas Rodrigues
    </p>
  </div>
  <div
    className="col-12"
  >
    <CustomCard
      image="https://i.scdn.co/image/d517611a9aef994460eb73e5d38d59149e6f3fef"
    >
      <LoaderClassHOC
        userListening={
          Object {
            "currently_playing_type": "track",
            "is_playing": true,
            "item": Object {
              "album": Object {
                "album_type": "album",
                "artists": Array [
                  Object {
                    "external_urls": Object {
                      "spotify": "https://open.spotify.com/artist/4WN5naL3ofxrVBgFpguzKo",
                    },
                    "href": "https://api.spotify.com/v1/artists/4WN5naL3ofxrVBgFpguzKo",
                    "id": "4WN5naL3ofxrVBgFpguzKo",
                    "name": "Rudimental",
                    "type": "artist",
                    "uri": "spotify:artist:4WN5naL3ofxrVBgFpguzKo",
                  },
                ],
                "available_markets": Array [
                  "AD",
                  "AE",
                  "AR",
                  "AT",
                  "AU",
                  "BE",
                  "BG",
                  "BH",
                  "BO",
                  "BR",
                  "CA",
                  "CH",
                  "CL",
                  "CO",
                  "CR",
                  "CY",
                  "CZ",
                  "DE",
                  "DK",
                  "DO",
                  "DZ",
                  "EC",
                  "EE",
                  "EG",
                  "ES",
                  "FI",
                  "FR",
                  "GB",
                  "GR",
                  "GT",
                  "HK",
                  "HN",
                  "HU",
                  "ID",
                  "IE",
                  "IL",
                  "IS",
                  "IT",
                  "JO",
                  "JP",
                  "KW",
                  "LB",
                  "LI",
                  "LT",
                  "LU",
                  "LV",
                  "MA",
                  "MC",
                  "MT",
                  "MX",
                  "MY",
                  "NI",
                  "NL",
                  "NO",
                  "NZ",
                  "OM",
                  "PA",
                  "PE",
                  "PH",
                  "PL",
                  "PS",
                  "PT",
                  "PY",
                  "QA",
                  "RO",
                  "SA",
                  "SE",
                  "SG",
                  "SK",
                  "SV",
                  "TH",
                  "TN",
                  "TR",
                  "TW",
                  "US",
                  "UY",
                  "VN",
                  "ZA",
                ],
                "external_urls": Object {
                  "spotify": "https://open.spotify.com/album/0ORqx9M6ak7kqDwYUBwvdK",
                },
                "href": "https://api.spotify.com/v1/albums/0ORqx9M6ak7kqDwYUBwvdK",
                "id": "0ORqx9M6ak7kqDwYUBwvdK",
                "images": Array [
                  Object {
                    "height": 640,
                    "url": "https://i.scdn.co/image/1a6a17e359b8a39919c541505cd681aef4b7b294",
                    "width": 640,
                  },
                  Object {
                    "height": 300,
                    "url": "https://i.scdn.co/image/d517611a9aef994460eb73e5d38d59149e6f3fef",
                    "width": 300,
                  },
                  Object {
                    "height": 64,
                    "url": "https://i.scdn.co/image/06e2a532cd47b9a3c90f75e281cb382088d197a4",
                    "width": 64,
                  },
                ],
                "name": "Toast to our Differences (Deluxe)",
                "release_date": "2019-01-25",
                "release_date_precision": "day",
                "total_tracks": 16,
                "type": "album",
                "uri": "spotify:album:0ORqx9M6ak7kqDwYUBwvdK",
              },
              "artists": Array [
                Object {
                  "external_urls": Object {
                    "spotify": "https://open.spotify.com/artist/4WN5naL3ofxrVBgFpguzKo",
                  },
                  "href": "https://api.spotify.com/v1/artists/4WN5naL3ofxrVBgFpguzKo",
                  "id": "4WN5naL3ofxrVBgFpguzKo",
                  "name": "Rudimental",
                  "type": "artist",
                  "uri": "spotify:artist:4WN5naL3ofxrVBgFpguzKo",
                },
                Object {
                  "external_urls": Object {
                    "spotify": "https://open.spotify.com/artist/4ScCswdRlyA23odg9thgIO",
                  },
                  "href": "https://api.spotify.com/v1/artists/4ScCswdRlyA23odg9thgIO",
                  "id": "4ScCswdRlyA23odg9thgIO",
                  "name": "Jess Glynne",
                  "type": "artist",
                  "uri": "spotify:artist:4ScCswdRlyA23odg9thgIO",
                },
                Object {
                  "external_urls": Object {
                    "spotify": "https://open.spotify.com/artist/7LHLq2wayvWBPTwk6p9zZz",
                  },
                  "href": "https://api.spotify.com/v1/artists/7LHLq2wayvWBPTwk6p9zZz",
                  "id": "7LHLq2wayvWBPTwk6p9zZz",
                  "name": "Chronixx",
                  "type": "artist",
                  "uri": "spotify:artist:7LHLq2wayvWBPTwk6p9zZz",
                },
              ],
              "available_markets": Array [
                "AD",
                "AE",
                "AR",
                "AT",
                "AU",
                "BE",
                "BG",
                "BH",
                "BO",
                "BR",
                "CA",
                "CH",
                "CL",
                "CO",
                "CR",
                "CY",
                "CZ",
                "DE",
                "DK",
                "DO",
                "DZ",
                "EC",
                "EE",
                "EG",
                "ES",
                "FI",
                "FR",
                "GB",
                "GR",
                "GT",
                "HK",
                "HN",
                "HU",
                "ID",
                "IE",
                "IL",
                "IS",
                "IT",
                "JO",
                "JP",
                "KW",
                "LB",
                "LI",
                "LT",
                "LU",
                "LV",
                "MA",
                "MC",
                "MT",
                "MX",
                "MY",
                "NI",
                "NL",
                "NO",
                "NZ",
                "OM",
                "PA",
                "PE",
                "PH",
                "PL",
                "PS",
                "PT",
                "PY",
                "QA",
                "RO",
                "SA",
                "SE",
                "SG",
                "SK",
                "SV",
                "TH",
                "TN",
                "TR",
                "TW",
                "US",
                "UY",
                "VN",
                "ZA",
              ],
              "disc_number": 1,
              "duration_ms": 268653,
              "explicit": false,
              "external_ids": Object {
                "isrc": "GBAHS1800369",
              },
              "external_urls": Object {
                "spotify": "https://open.spotify.com/track/5gHm37FoBAppgJjGI5EA0w",
              },
              "href": "https://api.spotify.com/v1/tracks/5gHm37FoBAppgJjGI5EA0w",
              "id": "5gHm37FoBAppgJjGI5EA0w",
              "is_local": false,
              "name": "Dark Clouds (feat. Jess Glynne & Chronixx)",
              "popularity": 62,
              "preview_url": "https://p.scdn.co/mp3-preview/f40b823251dac30a4e5122e253f93903bd2a1c2c?cid=dc6af13b21094058a9b5e104eccee32e",
              "track_number": 3,
              "type": "track",
              "uri": "spotify:track:5gHm37FoBAppgJjGI5EA0w",
            },
          }
        }
      />
    </CustomCard>
  </div>
</div>
`;

exports[`SideBar snaphot test 1`] = `
<div
  className="row sideBarContent-full"
>
  <div
    className="col-12 userName"
  >
    <button
      className="closeButton col-2 offset-9 "
      onClick={[Function]}
      type="button"
    >
      <MdClose />
    </button>
    <img
      alt=""
      className="imageProfile"
      src="https://platform-lookaside.fbsbx.com/platform/profilepic/?asid=1084373748241702&height=200&width=200&ext=1551600776&hash=AeTTgzEoEZf2Z_uj"
    />
    <p>
      Lucas Rodrigues
    </p>
  </div>
  <div
    className="col-12"
  >
    <CustomCard
      image="https://upload.wikimedia.org/wikipedia/commons/thumb/a/a6/Anonymous_emblem.svg/800px-Anonymous_emblem.svg.png"
    >
      <LoaderClassHOC />
    </CustomCard>
  </div>
</div>
`;
